Γöî  [36mBuilding Nuxt for production...[39m
Γöé
ΓùÅ  [32mNuxt [1m3.21.1[22m[39m[90m (with [39m[90mNitro [1m2.13.1[22m[39m[90m, Vite [1m7.3.1[22m[39m[90m and Vue [1m3.5.29[22m[39m[90m)[39m
[36mΓä╣[39m Nuxt Icon server bundle mode is set to [36mlocal[39m
[32mΓ£ö[39m Nuxt Icon discovered local-installed 2 collections: heroicons, simple-icons
[90m[[90mnuxt[90m][39m [36mΓä╣[39m Running with compatibility version [36m4[39m
Γöé
ΓùÅ  Nitro preset: [36mnode-server[39m
[36mΓä╣[39m Building client...
[36mΓä╣[39m [36mvite v7.3.1 [32mbuilding client environment for production...[36m[39m
[36mΓä╣[39m transforming...
[36mΓä╣[39m [32mΓ£ô[39m 1436 modules transformed.
[36mΓä╣[39m rendering chunks...
[36mΓä╣[39m computing gzip size...
[36mΓä╣[39m [2m../node_modules/.cache/nuxt/.nuxt/dist/client/[22m[32mmanifest.json                   [39m[1m[2m 14.63 kB[22m[1m[22m[2m Γöé gzip:   2.04 kB[22m
[36mΓä╣[39m [2m../node_modules/.cache/nuxt/.nuxt/dist/client/[22m[35m_nuxt/infographie.lZSTcfWF.css  [39m[1m[2m  0.22 kB[22m[1m[22m[2m Γöé gzip:   0.18 kB[22m
[36mΓä╣[39m [2m../node_modules/.cache/nuxt/.nuxt/dist/client/[22m[35m_nuxt/pulse.D1DF0eU5.css        [39m[1m[2m  0.68 kB[22m[1m[22m[2m Γöé gzip:   0.35 kB[22m
[36mΓä╣[39m [2m../node_modules/.cache/nuxt/.nuxt/dist/client/[22m[35m_nuxt/modules.DQzHNrs7.css      [39m[1m[2m  2.60 kB[22m[1m[22m[2m Γöé gzip:   0.86 kB[22m
[36mΓä╣[39m [2m../node_modules/.cache/nuxt/.nuxt/dist/client/[22m[35m_nuxt/stats.Cq7ZB_R2.css        [39m[1m[2m 17.64 kB[22m[1m[22m[2m Γöé gzip:   4.82 kB[22m
[36mΓä╣[39m [2m../node_modules/.cache/nuxt/.nuxt/dist/client/[22m[35m_nuxt/timeline.D5tZ7RbX.css     [39m[1m[2m 19.36 kB[22m[1m[22m[2m Γöé gzip:   5.29 kB[22m
[36mΓä╣[39m [2m../node_modules/.cache/nuxt/.nuxt/dist/client/[22m[35m_nuxt/index.Cal0qZzs.css        [39m[1m[2m 21.25 kB[22m[1m[22m[2m Γöé gzip:   5.65 kB[22m
[36mΓä╣[39m [2m../node_modules/.cache/nuxt/.nuxt/dist/client/[22m[35m_nuxt/entry.C0yj8HaG.css        [39m[1m[2m157.88 kB[22m[1m[22m[2m Γöé gzip:  21.54 kB[22m
[36mΓä╣[39m [2m../node_modules/.cache/nuxt/.nuxt/dist/client/[22m[36m_nuxt/DbmKO5Ok.js               [39m[1m[2m  0.06 kB[22m[1m[22m[2m Γöé gzip:   0.08 kB[22m
[36mΓä╣[39m [2m../node_modules/.cache/nuxt/.nuxt/dist/client/[22m[36m_nuxt/z-XX7zgH.js               [39m[1m[2m  0.07 kB[22m[1m[22m[2m Γöé gzip:   0.09 kB[22m
[36mΓä╣[39m [2m../node_modules/.cache/nuxt/.nuxt/dist/client/[22m[36m_nuxt/BZiG-NyR.js               [39m[1m[2m  0.08 kB[22m[1m[22m[2m Γöé gzip:   0.10 kB[22m
[36mΓä╣[39m [2m../node_modules/.cache/nuxt/.nuxt/dist/client/[22m[36m_nuxt/D0KSXXE_.js               [39m[1m[2m  0.62 kB[22m[1m[22m[2m Γöé gzip:   0.33 kB[22m
[36mΓä╣[39m [2m../node_modules/.cache/nuxt/.nuxt/dist/client/[22m[36m_nuxt/slJLf--c.js               [39m[1m[2m  0.69 kB[22m[1m[22m[2m Γöé gzip:   0.47 kB[22m
[36mΓä╣[39m [2m../node_modules/.cache/nuxt/.nuxt/dist/client/[22m[36m_nuxt/BosOqMRz.js               [39m[1m[2m  0.70 kB[22m[1m[22m[2m Γöé gzip:   0.47 kB[22m
[36mΓä╣[39m [2m../node_modules/.cache/nuxt/.nuxt/dist/client/[22m[36m_nuxt/BlKkXjD2.js               [39m[1m[2m  0.89 kB[22m[1m[22m[2m Γöé gzip:   0.43 kB[22m
[36mΓä╣[39m [2m../node_modules/.cache/nuxt/.nuxt/dist/client/[22m[36m_nuxt/CCwl_82Z.js               [39m[1m[2m  1.09 kB[22m[1m[22m[2m Γöé gzip:   0.57 kB[22m
[36mΓä╣[39m [2m../node_modules/.cache/nuxt/.nuxt/dist/client/[22m[36m_nuxt/5sDaNUXS.js               [39m[1m[2m  1.28 kB[22m[1m[22m[2m Γöé gzip:   0.67 kB[22m
[36mΓä╣[39m [2m../node_modules/.cache/nuxt/.nuxt/dist/client/[22m[36m_nuxt/g0PbQBYs.js               [39m[1m[2m  1.30 kB[22m[1m[22m[2m Γöé gzip:   0.69 kB[22m
[36mΓä╣[39m [2m../node_modules/.cache/nuxt/.nuxt/dist/client/[22m[36m_nuxt/8rJ2KXmv.js               [39m[1m[2m  1.57 kB[22m[1m[22m[2m Γöé gzip:   0.88 kB[22m
[36mΓä╣[39m [2m../node_modules/.cache/nuxt/.nuxt/dist/client/[22m[36m_nuxt/xD-08RQY.js               [39m[1m[2m  1.76 kB[22m[1m[22m[2m Γöé gzip:   0.99 kB[22m
[36mΓä╣[39m [2m../node_modules/.cache/nuxt/.nuxt/dist/client/[22m[36m_nuxt/DNRQdtMT.js               [39m[1m[2m  2.30 kB[22m[1m[22m[2m Γöé gzip:   1.02 kB[22m
[36mΓä╣[39m [2m../node_modules/.cache/nuxt/.nuxt/dist/client/[22m[36m_nuxt/ONi1aQHd.js               [39m[1m[2m  2.30 kB[22m[1m[22m[2m Γöé gzip:   0.95 kB[22m
[36mΓä╣[39m [2m../node_modules/.cache/nuxt/.nuxt/dist/client/[22m[36m_nuxt/DDXhW6tz.js               [39m[1m[2m  2.32 kB[22m[1m[22m[2m Γöé gzip:   0.93 kB[22m
[36mΓä╣[39m [2m../node_modules/.cache/nuxt/.nuxt/dist/client/[22m[36m_nuxt/DFMLDKCh.js               [39m[1m[2m  2.49 kB[22m[1m[22m[2m Γöé gzip:   1.23 kB[22m
[36mΓä╣[39m [2m../node_modules/.cache/nuxt/.nuxt/dist/client/[22m[36m_nuxt/DjYFaDC0.js               [39m[1m[2m  3.22 kB[22m[1m[22m[2m Γöé gzip:   1.56 kB[22m
[36mΓä╣[39m [2m../node_modules/.cache/nuxt/.nuxt/dist/client/[22m[36m_nuxt/C5OxtivV.js               [39m[1m[2m  3.51 kB[22m[1m[22m[2m Γöé gzip:   1.35 kB[22m
[36mΓä╣[39m [2m../node_modules/.cache/nuxt/.nuxt/dist/client/[22m[36m_nuxt/BtdJ179N.js               [39m[1m[2m  4.58 kB[22m[1m[22m[2m Γöé gzip:   2.11 kB[22m
[36mΓä╣[39m [2m../node_modules/.cache/nuxt/.nuxt/dist/client/[22m[36m_nuxt/Cv5DuZWB.js               [39m[1m[2m  4.73 kB[22m[1m[22m[2m Γöé gzip:   1.77 kB[22m
[36mΓä╣[39m [2m../node_modules/.cache/nuxt/.nuxt/dist/client/[22m[36m_nuxt/Cpm8a50K.js               [39m[1m[2m  4.73 kB[22m[1m[22m[2m Γöé gzip:   1.96 kB[22m
[36mΓä╣[39m [2m../node_modules/.cache/nuxt/.nuxt/dist/client/[22m[36m_nuxt/C7X2a4_N.js               [39m[1m[2m  5.05 kB[22m[1m[22m[2m Γöé gzip:   1.59 kB[22m
[36mΓä╣[39m [2m../node_modules/.cache/nuxt/.nuxt/dist/client/[22m[36m_nuxt/DJGn9PHO.js               [39m[1m[2m  5.45 kB[22m[1m[22m[2m Γöé gzip:   1.51 kB[22m
[36mΓä╣[39m [2m../node_modules/.cache/nuxt/.nuxt/dist/client/[22m[36m_nuxt/BPbEws2y.js               [39m[1m[2m  6.28 kB[22m[1m[22m[2m Γöé gzip:   2.67 kB[22m
[36mΓä╣[39m [2m../node_modules/.cache/nuxt/.nuxt/dist/client/[22m[36m_nuxt/DfNjtG1_.js               [39m[1m[2m  6.51 kB[22m[1m[22m[2m Γöé gzip:   2.86 kB[22m
[36mΓä╣[39m [2m../node_modules/.cache/nuxt/.nuxt/dist/client/[22m[36m_nuxt/Bp9FHLUg.js               [39m[1m[2m  6.92 kB[22m[1m[22m[2m Γöé gzip:   2.70 kB[22m
[36mΓä╣[39m [2m../node_modules/.cache/nuxt/.nuxt/dist/client/[22m[36m_nuxt/DNqpStzv.js               [39m[1m[2m  7.38 kB[22m[1m[22m[2m Γöé gzip:   2.71 kB[22m
[36mΓä╣[39m [2m../node_modules/.cache/nuxt/.nuxt/dist/client/[22m[36m_nuxt/DJctJSkk.js               [39m[1m[2m  7.69 kB[22m[1m[22m[2m Γöé gzip:   2.87 kB[22m
[36mΓä╣[39m [2m../node_modules/.cache/nuxt/.nuxt/dist/client/[22m[36m_nuxt/DY9-9-oo.js               [39m[1m[2m  7.84 kB[22m[1m[22m[2m Γöé gzip:   2.33 kB[22m
[36mΓä╣[39m [2m../node_modules/.cache/nuxt/.nuxt/dist/client/[22m[36m_nuxt/BSyooJPX.js               [39m[1m[2m  8.01 kB[22m[1m[22m[2m Γöé gzip:   2.57 kB[22m
[36mΓä╣[39m [2m../node_modules/.cache/nuxt/.nuxt/dist/client/[22m[36m_nuxt/DlpLC-ve.js               [39m[1m[2m  8.30 kB[22m[1m[22m[2m Γöé gzip:   2.85 kB[22m
[36mΓä╣[39m [2m../node_modules/.cache/nuxt/.nuxt/dist/client/[22m[36m_nuxt/C4ZvUMbP.js               [39m[1m[2m  8.40 kB[22m[1m[22m[2m Γöé gzip:   2.50 kB[22m
[36mΓä╣[39m [2m../node_modules/.cache/nuxt/.nuxt/dist/client/[22m[36m_nuxt/BK-9Qz5q.js               [39m[1m[2m  8.57 kB[22m[1m[22m[2m Γöé gzip:   2.91 kB[22m
[36mΓä╣[39m [2m../node_modules/.cache/nuxt/.nuxt/dist/client/[22m[36m_nuxt/BEsHQFYe.js               [39m[1m[2m  8.66 kB[22m[1m[22m[2m Γöé gzip:   3.34 kB[22m
[36mΓä╣[39m [2m../node_modules/.cache/nuxt/.nuxt/dist/client/[22m[36m_nuxt/YWDgaIyu.js               [39m[1m[2m  9.07 kB[22m[1m[22m[2m Γöé gzip:   2.91 kB[22m
[36mΓä╣[39m [2m../node_modules/.cache/nuxt/.nuxt/dist/client/[22m[36m_nuxt/BfSGhRRH.js               [39m[1m[2m  9.15 kB[22m[1m[22m[2m Γöé gzip:   3.11 kB[22m
[36mΓä╣[39m [2m../node_modules/.cache/nuxt/.nuxt/dist/client/[22m[36m_nuxt/DMYwXEOK.js               [39m[1m[2m 10.64 kB[22m[1m[22m[2m Γöé gzip:   3.30 kB[22m
[36mΓä╣[39m [2m../node_modules/.cache/nuxt/.nuxt/dist/client/[22m[36m_nuxt/CM2Tzola.js               [39m[1m[2m 12.09 kB[22m[1m[22m[2m Γöé gzip:   3.87 kB[22m
[36mΓä╣[39m [2m../node_modules/.cache/nuxt/.nuxt/dist/client/[22m[36m_nuxt/W8aZf6EP.js               [39m[1m[2m 12.12 kB[22m[1m[22m[2m Γöé gzip:   3.64 kB[22m
[36mΓä╣[39m [2m../node_modules/.cache/nuxt/.nuxt/dist/client/[22m[36m_nuxt/VUoxgYAp.js               [39m[1m[2m 12.88 kB[22m[1m[22m[2m Γöé gzip:   4.70 kB[22m
[36mΓä╣[39m [2m../node_modules/.cache/nuxt/.nuxt/dist/client/[22m[36m_nuxt/B5K2mDIT.js               [39m[1m[2m 13.33 kB[22m[1m[22m[2m Γöé gzip:   3.98 kB[22m
[36mΓä╣[39m [2m../node_modules/.cache/nuxt/.nuxt/dist/client/[22m[36m_nuxt/CIXYCveP.js               [39m[1m[2m 14.32 kB[22m[1m[22m[2m Γöé gzip:   5.97 kB[22m
[36mΓä╣[39m [2m../node_modules/.cache/nuxt/.nuxt/dist/client/[22m[36m_nuxt/CKC9-TJZ.js               [39m[1m[2m 15.07 kB[22m[1m[22m[2m Γöé gzip:   4.51 kB[22m
[36mΓä╣[39m [2m../node_modules/.cache/nuxt/.nuxt/dist/client/[22m[36m_nuxt/BMTpu8wL.js               [39m[1m[2m 16.83 kB[22m[1m[22m[2m Γöé gzip:   5.62 kB[22m
[36mΓä╣[39m [2m../node_modules/.cache/nuxt/.nuxt/dist/client/[22m[36m_nuxt/D5SVYKGv.js               [39m[1m[2m 21.50 kB[22m[1m[22m[2m Γöé gzip:   6.09 kB[22m
[36mΓä╣[39m [2m../node_modules/.cache/nuxt/.nuxt/dist/client/[22m[36m_nuxt/C39iTWTW.js               [39m[1m[2m 23.90 kB[22m[1m[22m[2m Γöé gzip:   6.84 kB[22m
[36mΓä╣[39m [2m../node_modules/.cache/nuxt/.nuxt/dist/client/[22m[36m_nuxt/DFZ2ueLc.js               [39m[1m[2m 28.02 kB[22m[1m[22m[2m Γöé gzip:   9.34 kB[22m
[36mΓä╣[39m [2m../node_modules/.cache/nuxt/.nuxt/dist/client/[22m[36m_nuxt/BiKlmCXa.js               [39m[1m[2m 31.28 kB[22m[1m[22m[2m Γöé gzip:   7.74 kB[22m
[36mΓä╣[39m [2m../node_modules/.cache/nuxt/.nuxt/dist/client/[22m[36m_nuxt/DivckMrG.js               [39m[1m[2m 39.60 kB[22m[1m[22m[2m Γöé gzip:  11.84 kB[22m
[36mΓä╣[39m [2m../node_modules/.cache/nuxt/.nuxt/dist/client/[22m[36m_nuxt/C4lWIOG7.js               [39m[1m[2m 44.21 kB[22m[1m[22m[2m Γöé gzip:  15.99 kB[22m
[36mΓä╣[39m [2m../node_modules/.cache/nuxt/.nuxt/dist/client/[22m[36m_nuxt/DOInW070.js               [39m[1m[2m 74.37 kB[22m[1m[22m[2m Γöé gzip:  25.56 kB[22m
[36mΓä╣[39m [2m../node_modules/.cache/nuxt/.nuxt/dist/client/[22m[36m_nuxt/DBKWj39X.js               [39m[1m[2m 79.78 kB[22m[1m[22m[2m Γöé gzip:  28.37 kB[22m
[36mΓä╣[39m [2m../node_modules/.cache/nuxt/.nuxt/dist/client/[22m[36m_nuxt/xVCfCeYf.js               [39m[1m[2m104.10 kB[22m[1m[22m[2m Γöé gzip:  35.25 kB[22m
[36mΓä╣[39m [2m../node_modules/.cache/nuxt/.nuxt/dist/client/[22m[36m_nuxt/CeIGuR2g.js               [39m[1m[2m228.01 kB[22m[1m[22m[2m Γöé gzip:  79.41 kB[22m
[36mΓä╣[39m [2m../node_modules/.cache/nuxt/.nuxt/dist/client/[22m[36m_nuxt/Dk-XVT-t.js               [39m[1m[2m323.56 kB[22m[1m[22m[2m Γöé gzip: 114.38 kB[22m
[36mΓä╣[39m [32mΓ£ô built in 18.84s[39m
[32mΓ£ö[39m Client built in 18870ms
[36mΓä╣[39m Building server...
[36mΓä╣[39m [36mvite v7.3.1 [32mbuilding ssr environment for production...[36m[39m
[36mΓä╣[39m transforming...
[36mΓä╣[39m [32mΓ£ô[39m 263 modules transformed.
[36mΓä╣[39m rendering chunks...
node.exe : 
At line:1 char:1
+ & "C:\Program Files\nodejs/node.exe" "C:\Program Files\nodejs/node_mo ...
+ ~~~~~~~~~~~~~~~~~~~~~~~~~~~~~~~~~~~~~~~~~~~~~~~~~~~~~~~~~~~~~~~~~~~~~
    + CategoryInfo          : NotSpecified: (:String) [], RemoteException
    + FullyQualifiedErrorId : NativeCommandError
 
[43m[30m WARN [39m[49m [33m[plugin @tailwindcss/vite:generate:build] Sourcemap is likely to be 
incorrect: a plugin (@tailwindcss/vite:generate:build) was used to transform files, but didn't generate a 
sourcemap for the transformation. Consult the plugin documentation for help[39m


[43m[30m WARN [39m[49m [33m[plugin @tailwindcss/vite:generate:build] Sourcemap is likely to be 
incorrect: a plugin (@tailwindcss/vite:generate:build) was used to transform files, but didn't generate a 
sourcemap for the transformation. Consult the plugin documentation for help[39m[2m (x2)[22m


[43m[30m WARN [39m[49m [33m[plugin @tailwindcss/vite:generate:build] Sourcemap is likely to be 
incorrect: a plugin (@tailwindcss/vite:generate:build) was used to transform files, but didn't generate a 
sourcemap for the transformation. Consult the plugin documentation for help[39m[2m (x3)[22m


[43m[30m WARN [39m[49m [33m[plugin @tailwindcss/vite:generate:build] Sourcemap is likely to be 
incorrect: a plugin (@tailwindcss/vite:generate:build) was used to transform files, but didn't generate a 
sourcemap for the transformation. Consult the plugin documentation for help[39m[2m (x4)[22m


[43m[30m WARN [39m[49m [33m[plugin @tailwindcss/vite:generate:build] Sourcemap is likely to be 
incorrect: a plugin (@tailwindcss/vite:generate:build) was used to transform files, but didn't generate a 
sourcemap for the transformation. Consult the plugin documentation for help[39m[2m (x5)[22m


[43m[30m WARN [39m[49m [33m[plugin @tailwindcss/vite:generate:build] Sourcemap is likely to be 
incorrect: a plugin (@tailwindcss/vite:generate:build) was used to transform files, but didn't generate a 
sourcemap for the transformation. Consult the plugin documentation for help[39m[2m (x6)[22m

[36mΓä╣[39m [32mΓ£ô built in 7.47s[39m
[32mΓ£ö[39m Server built in 7509ms
[90m[[90mnitro[90m][39m [32mΓ£ö[39m Generated public [36m.output/public[39m
[90m[[90mnitro[90m][39m [36mΓä╣[39m Building Nuxt Nitro server (preset: [36mnode-server[39m, compatibility date: [36m2025-01-01[39m)
(node:28732) [DEP0155] DeprecationWarning: Use of deprecated trailing slash pattern mapping "./" in the 
"exports" field module resolution of the package at 
C:\Users\Kerboul\devel\commus_site\commus_dcs\node_modules\@iconify\utils\package.json imported from 
C:\Users\Kerboul\devel\commus_site\commus_dcs\node_modules\@nuxt\icon\dist\runtime\server\api.js. Mapping 
specifiers ending in "/" is no longer supported.
(Use `node --trace-deprecation ...` to show where the warning was created)
(node:28732) [DEP0155] DeprecationWarning: Use of deprecated trailing slash pattern mapping "./" in the 
"exports" field module resolution of the package at 
C:\Users\Kerboul\devel\commus_site\commus_dcs\node_modules\@vue\shared\package.json imported from C:\Users
\Kerboul\devel\commus_site\commus_dcs\node_modules\@nuxt\nitro-server\dist\runtime\templates\error-500.mjs
. Mapping specifiers ending in "/" is no longer supported.
(node:28732) [DEP0155] DeprecationWarning: Use of deprecated trailing slash pattern mapping "./" in the 
"exports" field module resolution of the package at 
C:\Users\Kerboul\devel\commus_site\commus_dcs\node_modules\@vueuse\core\package.json imported from 
C:\Users\Kerboul\devel\commus_site\commus_dcs\node_modules\.cache\nuxt\.nuxt\dist\server\server.mjs. 
Mapping specifiers ending in "/" is no longer supported.
